   1               		.file	"timer0.c"
   2               	__SREG__ = 0x3f
   3               	__SP_H__ = 0x3e
   4               	__SP_L__ = 0x3d
   5               	__CCP__  = 0x34
   6               	__tmp_reg__ = 0
   7               	__zero_reg__ = 1
  15               	.Ltext0:
  16               		.section	.text.Timer0_Init,"ax",@progbits
  17               	.global	Timer0_Init
  19               	Timer0_Init:
  20               	.LFB2:
  21               	.LSM0:
  22               	/* prologue: function */
  23               	/* frame size = 0 */
  24               	.LSM1:
  25 0000 1092 0000 		sts (CallbackFunc)+1,__zero_reg__
  26 0004 1092 0000 		sts CallbackFunc,__zero_reg__
  27 0008 1092 0000 		sts (CallbackFunc+2)+1,__zero_reg__
  28 000c 1092 0000 		sts CallbackFunc+2,__zero_reg__
  29 0010 1092 0000 		sts (CallbackFunc+4)+1,__zero_reg__
  30 0014 1092 0000 		sts CallbackFunc+4,__zero_reg__
  31 0018 1092 0000 		sts (CallbackFunc+6)+1,__zero_reg__
  32 001c 1092 0000 		sts CallbackFunc+6,__zero_reg__
  33               	.LSM2:
  34 0020 8FEF      		ldi r24,lo8(-1)
  35 0022 8093 0000 		sts CountDownTimers,r24
  36 0026 8093 0000 		sts CountDownTimers+1,r24
  37 002a 8093 0000 		sts CountDownTimers+2,r24
  38 002e 8093 0000 		sts CountDownTimers+3,r24
  39               	.LSM3:
  40 0032 82E0      		ldi r24,lo8(2)
  41 0034 8093 6E00 		sts 110,r24
  42               	.LSM4:
  43 0038 86E2      		ldi r24,lo8(38)
  44 003a 87BD      		out 71-32,r24
  45               	.LSM5:
  46 003c 8CE0      		ldi r24,lo8(12)
  47 003e 84BD      		out 68-32,r24
  48               	/* epilogue start */
  49               	.LSM6:
  50 0040 0895      		ret
  51               	.LFE2:
  53               		.section	.text.__vector_10,"ax",@progbits
  54               	.global	__vector_10
  56               	__vector_10:
  57               	.LFB3:
  58               	.LSM7:
  59 0000 1F92      		push __zero_reg__
  60 0002 0F92      		push r0
  61 0004 0FB6      		in r0,__SREG__
  62 0006 0F92      		push r0
  63 0008 1124      		clr __zero_reg__
  64 000a 2F93      		push r18
  65 000c 3F93      		push r19
  66 000e 4F93      		push r20
  67 0010 5F93      		push r21
  68 0012 6F93      		push r22
  69 0014 7F93      		push r23
  70 0016 8F93      		push r24
  71 0018 9F93      		push r25
  72 001a AF93      		push r26
  73 001c BF93      		push r27
  74 001e EF93      		push r30
  75 0020 FF93      		push r31
  76               	/* prologue: Signal */
  77               	/* frame size = 0 */
  78               	.LSM8:
  79 0022 E091 0000 		lds r30,CallbackFunc
  80 0026 F091 0000 		lds r31,(CallbackFunc)+1
  81 002a 3097      		sbiw r30,0
  82 002c 01F0      		breq .L4
  83               	.LSM9:
  84 002e 0995      		icall
  85               	.L4:
  86               	.LSM10:
  87 0030 E091 0000 		lds r30,CallbackFunc+2
  88 0034 F091 0000 		lds r31,(CallbackFunc+2)+1
  89 0038 3097      		sbiw r30,0
  90 003a 01F0      		breq .L5
  91               	.LSM11:
  92 003c 0995      		icall
  93               	.L5:
  94               	.LSM12:
  95 003e E091 0000 		lds r30,CallbackFunc+4
  96 0042 F091 0000 		lds r31,(CallbackFunc+4)+1
  97 0046 3097      		sbiw r30,0
  98 0048 01F0      		breq .L6
  99               	.LSM13:
 100 004a 0995      		icall
 101               	.L6:
 102               	.LSM14:
 103 004c E091 0000 		lds r30,CallbackFunc+6
 104 0050 F091 0000 		lds r31,(CallbackFunc+6)+1
 105 0054 3097      		sbiw r30,0
 106 0056 01F0      		breq .L7
 107               	.LSM15:
 108 0058 0995      		icall
 109               	.L7:
 110 005a E0E0      		ldi r30,lo8(CountDownTimers)
 111 005c F0E0      		ldi r31,hi8(CountDownTimers)
 112               	.L9:
 113               	.LSM16:
 114 005e 8081      		ld r24,Z
 115 0060 8150      		subi r24,lo8(-(-1))
 116 0062 8E3F      		cpi r24,lo8(-2)
 117 0064 00F4      		brsh .L8
 118               	.LSM17:
 119 0066 8083      		st Z,r24
 120               	.L8:
 121 0068 3196      		adiw r30,1
 122               	.LSM18:
 123 006a 80E0      		ldi r24,hi8(CountDownTimers+4)
 124 006c E030      		cpi r30,lo8(CountDownTimers+4)
 125 006e F807      		cpc r31,r24
 126 0070 01F4      		brne .L9
 127               	/* epilogue start */
 128               	.LSM19:
 129 0072 FF91      		pop r31
 130 0074 EF91      		pop r30
 131 0076 BF91      		pop r27
 132 0078 AF91      		pop r26
 133 007a 9F91      		pop r25
 134 007c 8F91      		pop r24
 135 007e 7F91      		pop r23
 136 0080 6F91      		pop r22
 137 0082 5F91      		pop r21
 138 0084 4F91      		pop r20
 139 0086 3F91      		pop r19
 140 0088 2F91      		pop r18
 141 008a 0F90      		pop r0
 142 008c 0FBE      		out __SREG__,r0
 143 008e 0F90      		pop r0
 144 0090 1F90      		pop __zero_reg__
 145 0092 1895      		reti
 146               	.LFE3:
 148               		.section	.text.Timer0_RegisterCallbackFunction,"ax",@progbits
 149               	.global	Timer0_RegisterCallbackFunction
 151               	Timer0_RegisterCallbackFunction:
 152               	.LFB4:
 153               	.LSM20:
 154               	.LVL0:
 155               	/* prologue: function */
 156               	/* frame size = 0 */
 157 0000 9C01      		movw r18,r24
 158               	.LSM21:
 159 0002 A0E0      		ldi r26,lo8(CallbackFunc)
 160 0004 B0E0      		ldi r27,hi8(CallbackFunc)
 161 0006 FD01      		movw r30,r26
 162               	.LVL1:
 163               	.L15:
 164               	.LSM22:
 165 0008 8081      		ld r24,Z
 166 000a 9181      		ldd r25,Z+1
 167 000c 8217      		cp r24,r18
 168 000e 9307      		cpc r25,r19
 169 0010 01F0      		breq .L21
 170               	.L13:
 171 0012 3296      		adiw r30,2
 172               	.LSM23:
 173 0014 80E0      		ldi r24,hi8(CallbackFunc+8)
 174 0016 E030      		cpi r30,lo8(CallbackFunc+8)
 175 0018 F807      		cpc r31,r24
 176 001a 01F4      		brne .L15
 177 001c E0E0      		ldi r30,lo8(0)
 178 001e F0E0      		ldi r31,hi8(0)
 179               	.L17:
 180               	.LSM24:
 181 0020 8D91      		ld r24,X+
 182 0022 9C91      		ld r25,X
 183 0024 1197      		sbiw r26,1
 184 0026 892B      		or r24,r25
 185 0028 01F4      		brne .L16
 186               	.LSM25:
 187 002a EE0F      		lsl r30
 188 002c FF1F      		rol r31
 189 002e E050      		subi r30,lo8(-(CallbackFunc))
 190 0030 F040      		sbci r31,hi8(-(CallbackFunc))
 191 0032 3183      		std Z+1,r19
 192 0034 2083      		st Z,r18
 193               	.L21:
 194 0036 81E0      		ldi r24,lo8(1)
 195 0038 0895      		ret
 196               	.L16:
 197               	.LSM26:
 198 003a 3196      		adiw r30,1
 199 003c 1296      		adiw r26,2
 200               	.LSM27:
 201 003e E430      		cpi r30,4
 202 0040 F105      		cpc r31,__zero_reg__
 203 0042 01F4      		brne .L17
 204 0044 80E0      		ldi r24,lo8(0)
 205               	.LSM28:
 206 0046 0895      		ret
 207               	.LFE4:
 209               		.section	.text.Timer0_RemoveCallbackFunction,"ax",@progbits
 210               	.global	Timer0_RemoveCallbackFunction
 212               	Timer0_RemoveCallbackFunction:
 213               	.LFB5:
 214               	.LSM29:
 215               	.LVL2:
 216               	/* prologue: function */
 217               	/* frame size = 0 */
 218 0000 9C01      		movw r18,r24
 219               	.LSM30:
 220 0002 A0E0      		ldi r26,lo8(CallbackFunc)
 221 0004 B0E0      		ldi r27,hi8(CallbackFunc)
 222 0006 E0E0      		ldi r30,lo8(0)
 223 0008 F0E0      		ldi r31,hi8(0)
 224               	.LVL3:
 225               	.L25:
 226               	.LSM31:
 227 000a 8D91      		ld r24,X+
 228 000c 9C91      		ld r25,X
 229 000e 1197      		sbiw r26,1
 230 0010 8217      		cp r24,r18
 231 0012 9307      		cpc r25,r19
 232 0014 01F4      		brne .L23
 233               	.LSM32:
 234 0016 EE0F      		lsl r30
 235 0018 FF1F      		rol r31
 236 001a E050      		subi r30,lo8(-(CallbackFunc))
 237 001c F040      		sbci r31,hi8(-(CallbackFunc))
 238 001e 1182      		std Z+1,__zero_reg__
 239 0020 1082      		st Z,__zero_reg__
 240 0022 81E0      		ldi r24,lo8(1)
 241 0024 0895      		ret
 242               	.L23:
 243               	.LSM33:
 244 0026 3196      		adiw r30,1
 245 0028 1296      		adiw r26,2
 246               	.LSM34:
 247 002a E430      		cpi r30,4
 248 002c F105      		cpc r31,__zero_reg__
 249 002e 01F4      		brne .L25
 250 0030 80E0      		ldi r24,lo8(0)
 251               	.LSM35:
 252 0032 0895      		ret
 253               	.LFE5:
 255               		.section	.text.Timer0_AllocateCountdownTimer,"ax",@progbits
 256               	.global	Timer0_AllocateCountdownTimer
 258               	Timer0_AllocateCountdownTimer:
 259               	.LFB6:
 260               	.LSM36:
 261               	/* prologue: function */
 262               	/* frame size = 0 */
 263               	.LSM37:
 264 0000 20E0      		ldi r18,lo8(0)
 265 0002 30E0      		ldi r19,hi8(0)
 266               	.L31:
 267               	.LSM38:
 268 0004 F901      		movw r30,r18
 269 0006 E050      		subi r30,lo8(-(CountDownTimers))
 270 0008 F040      		sbci r31,hi8(-(CountDownTimers))
 271 000a 8081      		ld r24,Z
 272 000c 8F3F      		cpi r24,lo8(-1)
 273 000e 01F4      		brne .L29
 274               	.LSM39:
 275 0010 1082      		st Z,__zero_reg__
 276               	.LSM40:
 277 0012 822F      		mov r24,r18
 278               	.LVL4:
 279 0014 8F5F      		subi r24,lo8(-(1))
 280 0016 0895      		ret
 281               	.LVL5:
 282               	.L29:
 283 0018 2F5F      		subi r18,lo8(-(1))
 284 001a 3F4F      		sbci r19,hi8(-(1))
 285               	.LSM41:
 286 001c 2430      		cpi r18,4
 287 001e 3105      		cpc r19,__zero_reg__
 288 0020 01F4      		brne .L31
 289 0022 80E0      		ldi r24,lo8(0)
 290               	.LSM42:
 291 0024 0895      		ret
 292               	.LFE6:
 294               		.section	.text.Timer0_SetCountdownTimer,"ax",@progbits
 295               	.global	Timer0_SetCountdownTimer
 297               	Timer0_SetCountdownTimer:
 298               	.LFB7:
 299               	.LSM43:
 300               	.LVL6:
 301               	/* prologue: function */
 302               	/* frame size = 0 */
 303               	.LSM44:
 304               	/* #APP */
 305               	 ;  199 "src/drv/timer0.c" 1
 306 0000 F894      		cli
 307               	 ;  0 "" 2
 308               	.LSM45:
 309               	/* #NOAPP */
 310 0002 E0E0      		ldi r30,lo8(CountDownTimers-1)
 311 0004 F0E0      		ldi r31,hi8(CountDownTimers-1)
 312 0006 E80F      		add r30,r24
 313 0008 F11D      		adc r31,__zero_reg__
 314 000a 6083      		st Z,r22
 315               	.LSM46:
 316               	/* #APP */
 317               	 ;  201 "src/drv/timer0.c" 1
 318 000c 7894      		sei
 319               	 ;  0 "" 2
 320               	/* epilogue start */
 321               	.LSM47:
 322               	/* #NOAPP */
 323 000e 0895      		ret
 324               	.LFE7:
 326               		.section	.text.Timer0_GetCountdownTimer,"ax",@progbits
 327               	.global	Timer0_GetCountdownTimer
 329               	Timer0_GetCountdownTimer:
 330               	.LFB8:
 331               	.LSM48:
 332               	.LVL7:
 333               	/* prologue: function */
 334               	/* frame size = 0 */
 335               	.LSM49:
 336               	/* #APP */
 337               	 ;  207 "src/drv/timer0.c" 1
 338 0000 F894      		cli
 339               	 ;  0 "" 2
 340               	.LSM50:
 341               	 ;  209 "src/drv/timer0.c" 1
 342 0002 7894      		sei
 343               	 ;  0 "" 2
 344               	/* #NOAPP */
 345 0004 E0E0      		ldi r30,lo8(CountDownTimers-1)
 346 0006 F0E0      		ldi r31,hi8(CountDownTimers-1)
 347 0008 E80F      		add r30,r24
 348 000a F11D      		adc r31,__zero_reg__
 349               	.LSM51:
 350 000c 8081      		ld r24,Z
 351               	.LVL8:
 352               	/* epilogue start */
 353 000e 0895      		ret
 354               	.LFE8:
 356               		.section	.text.Timer0_ReleaseCountdownTimer,"ax",@progbits
 357               	.global	Timer0_ReleaseCountdownTimer
 359               	Timer0_ReleaseCountdownTimer:
 360               	.LFB9:
 361               	.LSM52:
 362               	.LVL9:
 363               	/* prologue: function */
 364               	/* frame size = 0 */
 365               	.LSM53:
 366               	/* #APP */
 367               	 ;  216 "src/drv/timer0.c" 1
 368 0000 F894      		cli
 369               	 ;  0 "" 2
 370               	.LSM54:
 371               	/* #NOAPP */
 372 0002 E0E0      		ldi r30,lo8(CountDownTimers-1)
 373 0004 F0E0      		ldi r31,hi8(CountDownTimers-1)
 374 0006 E80F      		add r30,r24
 375 0008 F11D      		adc r31,__zero_reg__
 376 000a 8FEF      		ldi r24,lo8(-1)
 377               	.LVL10:
 378 000c 8083      		st Z,r24
 379               	.LSM55:
 380               	/* #APP */
 381               	 ;  218 "src/drv/timer0.c" 1
 382 000e 7894      		sei
 383               	 ;  0 "" 2
 384               	/* epilogue start */
 385               	.LSM56:
 386               	/* #NOAPP */
 387 0010 0895      		ret
 388               	.LFE9:
 390               		.comm CallbackFunc,8,1
 391               		.comm CountDownTimers,4,1
 472               	.Letext0:
DEFINED SYMBOLS
                            *ABS*:00000000 timer0.c
C:\Users\MainUser\AppData\Local\Temp/ccCFLj69.s:2      *ABS*:0000003f __SREG__
C:\Users\MainUser\AppData\Local\Temp/ccCFLj69.s:3      *ABS*:0000003e __SP_H__
C:\Users\MainUser\AppData\Local\Temp/ccCFLj69.s:4      *ABS*:0000003d __SP_L__
C:\Users\MainUser\AppData\Local\Temp/ccCFLj69.s:5      *ABS*:00000034 __CCP__
C:\Users\MainUser\AppData\Local\Temp/ccCFLj69.s:6      *ABS*:00000000 __tmp_reg__
C:\Users\MainUser\AppData\Local\Temp/ccCFLj69.s:7      *ABS*:00000001 __zero_reg__
C:\Users\MainUser\AppData\Local\Temp/ccCFLj69.s:19     .text.Timer0_Init:00000000 Timer0_Init
                            *COM*:00000008 CallbackFunc
                            *COM*:00000004 CountDownTimers
C:\Users\MainUser\AppData\Local\Temp/ccCFLj69.s:56     .text.__vector_10:00000000 __vector_10
C:\Users\MainUser\AppData\Local\Temp/ccCFLj69.s:151    .text.Timer0_RegisterCallbackFunction:00000000 Timer0_RegisterCallbackFunction
C:\Users\MainUser\AppData\Local\Temp/ccCFLj69.s:212    .text.Timer0_RemoveCallbackFunction:00000000 Timer0_RemoveCallbackFunction
C:\Users\MainUser\AppData\Local\Temp/ccCFLj69.s:258    .text.Timer0_AllocateCountdownTimer:00000000 Timer0_AllocateCountdownTimer
C:\Users\MainUser\AppData\Local\Temp/ccCFLj69.s:297    .text.Timer0_SetCountdownTimer:00000000 Timer0_SetCountdownTimer
C:\Users\MainUser\AppData\Local\Temp/ccCFLj69.s:329    .text.Timer0_GetCountdownTimer:00000000 Timer0_GetCountdownTimer
C:\Users\MainUser\AppData\Local\Temp/ccCFLj69.s:359    .text.Timer0_ReleaseCountdownTimer:00000000 Timer0_ReleaseCountdownTimer

UNDEFINED SYMBOLS
__do_clear_bss
