   1               		.file	"usart.c"
   2               	__SREG__ = 0x3f
   3               	__SP_H__ = 0x3e
   4               	__SP_L__ = 0x3d
   5               	__CCP__  = 0x34
   6               	__tmp_reg__ = 0
   7               	__zero_reg__ = 1
  15               	.Ltext0:
  16               		.section	.text.USART_Init,"ax",@progbits
  17               	.global	USART_Init
  19               	USART_Init:
  20               	.LFB2:
  21               	.LSM0:
  22               	.LVL0:
  23               	/* prologue: function */
  24               	/* frame size = 0 */
  25               	.LSM1:
  26 0000 292F      		mov r18,r25
  27 0002 3327      		clr r19
  28 0004 2093 C500 		sts 197,r18
  29               	.LSM2:
  30 0008 8093 C400 		sts 196,r24
  31               	.LSM3:
  32 000c 82E0      		ldi r24,lo8(2)
  33               	.LVL1:
  34 000e 8093 C000 		sts 192,r24
  35               	.LSM4:
  36 0012 80E1      		ldi r24,lo8(16)
  37 0014 8093 C100 		sts 193,r24
  38               	.LSM5:
  39 0018 86E0      		ldi r24,lo8(6)
  40 001a 8093 C200 		sts 194,r24
  41               	/* epilogue start */
  42               	.LSM6:
  43 001e 0895      		ret
  44               	.LFE2:
  46               		.section	.text.Usart_Rx,"ax",@progbits
  47               	.global	Usart_Rx
  49               	Usart_Rx:
  50               	.LFB3:
  51               	.LSM7:
  52               	/* prologue: function */
  53               	/* frame size = 0 */
  54               	.L4:
  55               	.LSM8:
  56 0000 8091 C000 		lds r24,192
  57 0004 87FF      		sbrs r24,7
  58 0006 00C0      		rjmp .L4
  59               	.LSM9:
  60 0008 8091 C600 		lds r24,198
  61               	/* epilogue start */
  62               	.LSM10:
  63 000c 0895      		ret
  64               	.LFE3:
  98               	.Letext0:
DEFINED SYMBOLS
                            *ABS*:00000000 usart.c
C:\Users\MainUser\AppData\Local\Temp/ccHTJDvh.s:2      *ABS*:0000003f __SREG__
C:\Users\MainUser\AppData\Local\Temp/ccHTJDvh.s:3      *ABS*:0000003e __SP_H__
C:\Users\MainUser\AppData\Local\Temp/ccHTJDvh.s:4      *ABS*:0000003d __SP_L__
C:\Users\MainUser\AppData\Local\Temp/ccHTJDvh.s:5      *ABS*:00000034 __CCP__
C:\Users\MainUser\AppData\Local\Temp/ccHTJDvh.s:6      *ABS*:00000000 __tmp_reg__
C:\Users\MainUser\AppData\Local\Temp/ccHTJDvh.s:7      *ABS*:00000001 __zero_reg__
C:\Users\MainUser\AppData\Local\Temp/ccHTJDvh.s:19     .text.USART_Init:00000000 USART_Init
C:\Users\MainUser\AppData\Local\Temp/ccHTJDvh.s:49     .text.Usart_Rx:00000000 Usart_Rx

NO UNDEFINED SYMBOLS
